<?xml version="1.0" encoding="utf-8"?><testsuites><testsuite name="pytest" errors="0" failures="0" skipped="0" tests="2" time="0.057" timestamp="2022-11-07T19:50:59.614195" hostname="server"><testcase classname="cpp-backend-tests-practicum.tests.test_l02_hello_beast" name="test_hello" time="0.008" /><testcase classname="cpp-backend-tests-practicum.tests.test_l02_hello_beast" name="test_hello_error" time="0.017" /></testsuite></testsuites>